== Dump ==
    0         1         2         3         4       
    012345678901234567890123456789012345678901234567
  0|    ❤️ 1.2K   💬 45   ⇄ 12   ⚑                  
  1|                                                
  2|                                                
  3|                                                
  4|                                                
  5|                                                
  6|                                                
  7|                                                
  8|    @someone ✓                                  
  9|    ある曲 - アーティスト [E]                   
 10|    caption text that runs past the edge and    
 11|    Comments                                    
 12|    @用户名                                     
 13|      你好世界 مرحبا 안녕하세요 🇯🇵              
 14|    @مستخدم                                     
 15|      ↳ 3 replies                               

== Objects ==
    0         1         2         3         4       
    012345678901234567890123456789012345678901234567
  0|................................................
  1|....1111111111111111111111......................
  2|....1111111111111111111111......................
  3|....1111111111111111111111......................
  4|....1111111111111111111111......................
  5|....1111111111111111111111......................
  6|....1111111111111111111111......................
  7|....1111111111111111111111......................
  8|................................................
  9|................................................
 10|................................................
 11|................................................
 12|................................................
 13|................................................
 14|................................................
 15|......2222222222................................
  1 = video want=(4,1 22x7) visible=(4,1 22x7) clipped=false
  2 = gif   want=(6,15 10x4) visible=(6,15 10x1) clipped=true

== Zones ==
    0         1         2         3         4       
    012345678901234567890123456789012345678901234567
  0|....11111112222222233333334444..................
  1|................................................
  2|................................................
  3|................................................
  4|................................................
  5|................................................
  6|................................................
  7|................................................
  8|................................................
  9|................................................
 10|................................................
 11|................................................
 12|....5555555.....................................
 13|....555555555555555555555555555555..............
 14|....6666666.....................................
 15|................................................
  1 = root     target=1
  2 = root     target=2
  3 = root     target=3
  4 = root     target=4
  5 = comments target=0
  6 = comments target=1
